07:06:16 **** Auto Build of configuration Debug for project lidar_app ****
make -j8 pre-build main-build 
a9-linaro-pre-build-step
'Building file: ../main.c'
' '
'Invoking: ARM v7 gcc compiler'
arm-none-eabi-gcc -Wall -O0 -g3 -I../../lidar_app_bsp/ps7_cortexa9_0/include -I"D:\SDUP_Project\SDUP_Project_2022\FPGA_Code\FPGA_Project.sdk\lidar_app\VL53L5CX_ULD_API\inc" -I"D:\SDUP_Project\SDUP_Project_2022\FPGA_Code\FPGA_Project.sdk\lidar_app\Platform" -c -fmessage-length=0 -MT"main.o" -mcpu=cortex-a9 -mfpu=vfpv3 -mfloat-abi=hard -MMD -MP -MF"main.d" -MT"main.o" -o "main.o" "../main.c"
'Finished building: ../main.c'
' '
'Building target: lidar_app.elf'
'Invoking: ARM v7 gcc linker'
arm-none-eabi-gcc -mcpu=cortex-a9 -mfpu=vfpv3 -mfloat-abi=hard -Wl,-build-id=none -specs=Xilinx.spec -Wl,-T -Wl,../src/lscript.ld -L../../lidar_app_bsp/ps7_cortexa9_0/lib -o "lidar_app.elf"  ./VL53L5CX_ULD_API/src/vl53l5cx_api.o ./VL53L5CX_ULD_API/src/vl53l5cx_plugin_detection_thresholds.o ./VL53L5CX_ULD_API/src/vl53l5cx_plugin_motion_indicator.o ./VL53L5CX_ULD_API/src/vl53l5cx_plugin_xtalk.o  ./Platform/platform.o  ./main.o   -Wl,--start-group,-lxil,-lgcc,-lc,--end-group
'Finished building target: lidar_app.elf'
' '
'Invoking: ARM v7 Print Size'
arm-none-eabi-size lidar_app.elf  |tee "lidar_app.elf.size"
   text	   data	    bss	    dec	    hex	filename
 144072	   1544	  25992	 171608	  29e58	lidar_app.elf
'Finished building: lidar_app.elf.size'
' '

07:06:16 Build Finished (took 744ms)

